Hyperparameters:
  activation_probe_enabled: False
  activation_probe_samples: 32768
  activation_probe_tokens: 4096
  adam_eps: 1e-08
  adam_wd: 0.02
  beta1: 0.9
  beta2: 0.95
  compressor: brotli
  data_dir: ./data/
  datasets_dir: ./data/datasets/fineweb10B_sp8192
  distributed: True
  ema_decay: 0.9965
  embed_bits: 8
  embed_clip_sigmas: 20.0
  embed_lr: 0.6
  embed_wd: 0.085
  embedding_dim: 512
  enable_looping_at: 0.35
  etlb_clip: 3.0
  etlb_enabled: False
  etlb_lr: 0.05
  etlb_steps: 5
  eval_seq_len: 2048
  eval_stride: 64
  gptq_calibration_batches: 64
  gptq_reserve_seconds: 12.0
  grad_accum_steps: 1
  grad_clip_norm: 0.3
  head_lr: 0.008
  is_main_process: True
  iterations: 20000
  ln_scale: True
  local_rank: 0
  logfile: logs/m49_h100x8_swiglu_full_s42.txt
  logit_softcap: 30.0
  loop_end: 5
  loop_start: 3
  matrix_bits: 6
  matrix_clip_sigmas: 12.85
  matrix_lr: 0.022
  max_wallclock_seconds: 600.0
  min_lr: 0.0
  mlp_activation: swiglu
  mlp_mult: 2.6875
  model_dim: 512
  model_path: final_model.pt
  muon_backend_steps: 5
  muon_beta2: 0.95
  muon_momentum: 0.99
  muon_momentum_warmup_start: 0.92
  muon_momentum_warmup_steps: 1500
  muon_row_normalize: True
  muon_wd: 0.095
  num_heads: 8
  num_kv_heads: 4
  num_layers: 11
  num_loops: 2
  parallel_residual_start: 7
  poly_a_init: 0.0
  poly_a_max: 5.0
  poly_a_per_channel: False
  poly_leaky_slope: 0.5
  qk_gain_init: 5.25
  quantized_model_path: final_model.int6.ptz
  rank: 0
  rope_base: 10000.0
  rope_dims: 16
  rope_train_seq_len: 2048
  run_id: m49_h100x8_swiglu_full_s42
  scalar_lr: 0.02
  seed: 42
  skip_gates_enabled: True
  sliding_window_enabled: True
  spline_c_init: 0.0
  spline_c_max: 2.0
  spline_knots: (-1.0, -0.5, 0.0, 0.5, 1.0)
  tie_embeddings: True
  tied_embed_init_std: 0.005
  tied_embed_lr: 0.03
  tokenizer_path: ./data/tokenizers/fineweb_8192_bpe.model
  train_batch_tokens: 786432
  train_files: ./data/datasets/fineweb10B_sp8192/fineweb_train_*.bin
  train_log_every: 200
  train_seq_len: 2048
  ttt_chunk_tokens: 32768
  ttt_enabled: True
  ttt_epochs: 3
  ttt_lr: 0.005
  ttt_momentum: 0.9
  val_batch_tokens: 524288
  val_files: ./data/datasets/fineweb10B_sp8192/fineweb_val_*.bin
  val_loss_every: 1000000
  vocab_size: 8192
  warmdown_frac: 0.72
  warmup_steps: 20
  world_size: 8
  xsa_last_n: 11
train_shards: 64
val_tokens: 40540160
model_params:36124760
mlp_activation:swiglu poly_a_init:0.0 poly_a_max:5.0 poly_a_per_channel:0 spline_c_init:0.0 spline_c_max:2.0 spline_knots:(-1.0, -0.5, 0.0, 0.5, 1.0) poly_leaky_slope:0.5 activation_probe_enabled:0 activation_probe_tokens:4096 activation_probe_samples:32768
gptq:reserving 12s, effective=588000ms
warmup_step: 1/20
warmup_step: 2/20
warmup_step: 3/20
warmup_step: 4/20
warmup_step: 5/20
warmup_step: 6/20
warmup_step: 10/20
warmup_step: 20/20
loop_warmup:enabled encoder:[0, 1, 2, 3, 4, 5, 3, 4] decoder:[5, 3, 4, 5, 6, 7, 8, 9, 10]
loop_warmup_step: 1/20
loop_warmup_step: 2/20
loop_warmup_step: 3/20
loop_warmup_step: 4/20
loop_warmup_step: 5/20
loop_warmup_step: 6/20
loop_warmup_step: 10/20
loop_warmup_step: 20/20
0/20000 val_loss: 9.0087 val_bpb: 3.4876
1/20000 train_loss: 9.0095 train_time: 0.0m tok/s: 7910394
2/20000 train_loss: 12.4811 train_time: 0.0m tok/s: 7886624
3/20000 train_loss: 10.7328 train_time: 0.0m tok/s: 7834705
4/20000 train_loss: 9.1644 train_time: 0.0m tok/s: 7797924
5/20000 train_loss: 8.2856 train_time: 0.0m tok/s: 7780932
200/20000 train_loss: 3.6300 train_time: 0.3m tok/s: 7612959
400/20000 train_loss: 3.4369 train_time: 0.7m tok/s: 7599712
600/20000 train_loss: 3.2896 train_time: 1.0m tok/s: 7586915
800/20000 train_loss: 3.2355 train_time: 1.4m tok/s: 7577268
1000/20000 train_loss: 3.2730 train_time: 1.7m tok/s: 7569887
1200/20000 train_loss: 3.1893 train_time: 2.1m tok/s: 7566245
1400/20000 train_loss: 3.2211 train_time: 2.4m tok/s: 7564221
1600/20000 train_loss: 3.1516 train_time: 2.8m tok/s: 7564976
1800/20000 train_loss: 3.1574 train_time: 3.1m tok/s: 7565353
layer_loop:enabled step:1980 frac:0.350 encoder:[0, 1, 2, 3, 4, 5, 3, 4] decoder:[5, 3, 4, 5, 6, 7, 8, 9, 10]
2000/20000 train_loss: 3.1811 train_time: 3.5m tok/s: 7530308
2200/20000 train_loss: 2.9870 train_time: 4.0m tok/s: 7225155
2400/20000 train_loss: 2.9836 train_time: 4.5m tok/s: 6989702
2600/20000 train_loss: 2.9148 train_time: 5.0m tok/s: 6802748
2800/20000 train_loss: 3.0576 train_time: 5.5m tok/s: 6650748
3000/20000 train_loss: 3.0242 train_time: 6.0m tok/s: 6512722
3200/20000 train_loss: 2.9626 train_time: 6.5m tok/s: 6407113
3400/20000 train_loss: 2.9688 train_time: 7.1m tok/s: 6308590
3600/20000 train_loss: 2.9909 train_time: 7.6m tok/s: 6231635
3800/20000 train_loss: 2.9341 train_time: 8.1m tok/s: 6164185
4000/20000 train_loss: 2.8958 train_time: 8.6m tok/s: 6104749
4200/20000 train_loss: 2.8551 train_time: 9.1m tok/s: 6052127
4400/20000 train_loss: 2.8641 train_time: 9.6m tok/s: 6005072
4478/20000 val_loss: 2.8202 val_bpb: 1.0918
stopping_early: wallclock_cap train_time: 588120ms step: 4478/20000
peak memory allocated: 39254 MiB reserved: 39472 MiB
ema:applying EMA weights
pre-quantization post-ema val_loss:2.81677695 val_bpb:1.09046214 eval_time:7341ms
Serialized model: 136151929 bytes
Code size: 77711 bytes
GPTQ:collecting Hessians from calibration data...
GPTQ:collected 67 Hessians in 11.1s
Quantized weights:
  gptq (int6): blocks.attn.c_k.weight, blocks.attn.c_q.weight, blocks.attn.c_v.weight, blocks.attn.proj.weight, blocks.mlp.fc.weight, blocks.mlp.proj.weight
  gptq (int8): tok_emb.weight
  passthrough (float16): blocks.attn.q_gain, blocks.attn_scale, blocks.mlp_scale, blocks.resid_mix, skip_gates, skip_weights
Serialized model quantized+brotli: 16064924 bytes
Total submission size quantized+brotli: 16142635 bytes
quantized val_loss:2.84651983 val_bpb:1.10197653 eval_time:25191ms
