Hyperparameters:
  activation_probe_enabled: False
  activation_probe_samples: 32768
  activation_probe_tokens: 4096
  adam_eps: 1e-08
  adam_wd: 0.02
  beta1: 0.9
  beta2: 0.95
  compressor: brotli
  data_dir: ./data/
  datasets_dir: ./data/datasets/fineweb10B_sp8192
  distributed: True
  ema_decay: 0.9965
  embed_bits: 8
  embed_clip_sigmas: 20.0
  embed_lr: 0.6
  embed_wd: 0.085
  embedding_dim: 512
  enable_looping_at: 0.35
  etlb_clip: 3.0
  etlb_enabled: False
  etlb_lr: 0.05
  etlb_steps: 5
  eval_seq_len: 2048
  eval_stride: 64
  gptq_calibration_batches: 64
  gptq_reserve_seconds: 12.0
  grad_accum_steps: 1
  grad_clip_norm: 0.3
  head_lr: 0.008
  is_main_process: True
  iterations: 200
  ln_scale: True
  local_rank: 0
  logfile: logs/m49_h100x8_swiglu_smoke_s42.txt
  logit_softcap: 30.0
  loop_end: 5
  loop_start: 3
  matrix_bits: 6
  matrix_clip_sigmas: 12.85
  matrix_lr: 0.022
  max_wallclock_seconds: 120.0
  min_lr: 0.0
  mlp_activation: swiglu
  mlp_mult: 2.625
  model_dim: 512
  model_path: final_model.pt
  muon_backend_steps: 5
  muon_beta2: 0.95
  muon_momentum: 0.99
  muon_momentum_warmup_start: 0.92
  muon_momentum_warmup_steps: 1500
  muon_row_normalize: True
  muon_wd: 0.095
  num_heads: 8
  num_kv_heads: 4
  num_layers: 11
  num_loops: 2
  parallel_residual_start: 7
  poly_a_init: 0.0
  poly_a_max: 5.0
  poly_a_per_channel: False
  poly_leaky_slope: 0.5
  qk_gain_init: 5.25
  quantized_model_path: final_model.int6.ptz
  rank: 0
  rope_base: 10000.0
  rope_dims: 16
  rope_train_seq_len: 2048
  run_id: m49_h100x8_swiglu_smoke_s42
  scalar_lr: 0.02
  seed: 42
  skip_gates_enabled: True
  sliding_window_enabled: True
  spline_c_init: 0.0
  spline_c_max: 2.0
  spline_knots: (-1.0, -0.5, 0.0, 0.5, 1.0)
  tie_embeddings: True
  tied_embed_init_std: 0.005
  tied_embed_lr: 0.03
  tokenizer_path: ./data/tokenizers/fineweb_8192_bpe.model
  train_batch_tokens: 786432
  train_files: ./data/datasets/fineweb10B_sp8192/fineweb_train_*.bin
  train_log_every: 20
  train_seq_len: 2048
  ttt_chunk_tokens: 32768
  ttt_enabled: False
  ttt_epochs: 3
  ttt_lr: 0.005
  ttt_momentum: 0.9
  val_batch_tokens: 524288
  val_files: ./data/datasets/fineweb10B_sp8192/fineweb_val_*.bin
  val_loss_every: 1000000
  vocab_size: 8192
  warmdown_frac: 0.72
  warmup_steps: 20
  world_size: 8
  xsa_last_n: 11
train_shards: 64
val_tokens: 40540160
model_params:35584088
mlp_activation:swiglu poly_a_init:0.0 poly_a_max:5.0 poly_a_per_channel:0 spline_c_init:0.0 spline_c_max:2.0 spline_knots:(-1.0, -0.5, 0.0, 0.5, 1.0) poly_leaky_slope:0.5 activation_probe_enabled:0 activation_probe_tokens:4096 activation_probe_samples:32768
gptq:reserving 12s, effective=108000ms
warmup_step: 1/20
warmup_step: 2/20
warmup_step: 3/20
warmup_step: 4/20
warmup_step: 5/20
warmup_step: 6/20
warmup_step: 10/20
warmup_step: 20/20
loop_warmup:enabled encoder:[0, 1, 2, 3, 4, 5, 3, 4] decoder:[5, 3, 4, 5, 6, 7, 8, 9, 10]
loop_warmup_step: 1/20
loop_warmup_step: 2/20
loop_warmup_step: 3/20
loop_warmup_step: 4/20
loop_warmup_step: 5/20
loop_warmup_step: 6/20
loop_warmup_step: 10/20
loop_warmup_step: 20/20
0/200 val_loss: 9.0088 val_bpb: 3.4876
1/200 train_loss: 9.0081 train_time: 0.0m tok/s: 8018523
2/200 train_loss: 12.3829 train_time: 0.0m tok/s: 8031687
3/200 train_loss: 10.6670 train_time: 0.0m tok/s: 7927593
4/200 train_loss: 9.1536 train_time: 0.0m tok/s: 7896679
5/200 train_loss: 8.2760 train_time: 0.0m tok/s: 7872689
20/200 train_loss: 5.8821 train_time: 0.0m tok/s: 7736169
40/200 train_loss: 5.3122 train_time: 0.1m tok/s: 7698493
60/200 train_loss: 5.0116 train_time: 0.1m tok/s: 7686204
80/200 train_loss: 4.7973 train_time: 0.1m tok/s: 7677866
100/200 train_loss: 4.5275 train_time: 0.2m tok/s: 7674830
120/200 train_loss: 4.1794 train_time: 0.2m tok/s: 7672763
140/200 train_loss: 4.0001 train_time: 0.2m tok/s: 7671384
160/200 train_loss: 3.8613 train_time: 0.3m tok/s: 7668983
180/200 train_loss: 3.7660 train_time: 0.3m tok/s: 7666951
200/200 train_loss: 3.6274 train_time: 0.3m tok/s: 7664169
200/200 val_loss: 3.6794 val_bpb: 1.4244
peak memory allocated: 38747 MiB reserved: 38868 MiB
ema:applying EMA weights
pre-quantization post-ema val_loss:8.09112127 val_bpb:3.13232519 eval_time:5263ms
Serialized model: 133989241 bytes
Code size: 77711 bytes
GPTQ:collecting Hessians from calibration data...
GPTQ:collected 67 Hessians in 7.3s
Quantized weights:
  gptq (int6): blocks.attn.c_k.weight, blocks.attn.c_q.weight, blocks.attn.c_v.weight, blocks.attn.proj.weight, blocks.mlp.fc.weight, blocks.mlp.proj.weight
  gptq (int8): tok_emb.weight
  passthrough (float16): blocks.attn.q_gain, blocks.attn_scale, blocks.mlp_scale, blocks.resid_mix, skip_gates, skip_weights
Serialized model quantized+brotli: 15869677 bytes
Total submission size quantized+brotli: 15947388 bytes
quantized val_loss:8.91619988 val_bpb:3.45173883 eval_time:53671ms
