W0420 18:14:22.917000 1244 torch/distributed/run.py:803] 
W0420 18:14:22.917000 1244 torch/distributed/run.py:803] *****************************************
W0420 18:14:22.917000 1244 torch/distributed/run.py:803] Setting OMP_NUM_THREADS environment variable for each process to be 1 in default, to avoid your system being overloaded, please further tune the variable for optimal performance in your application as needed. 
W0420 18:14:22.917000 1244 torch/distributed/run.py:803] *****************************************
Hyperparameters:
  adam_eps: 1e-08
  adam_wd: 0.02
  beta1: 0.9
  beta2: 0.95
  compressor: brotli
  data_dir: /workspace/parameter-golf-base/data
  datasets_dir: /workspace/parameter-golf-base/data/datasets/fineweb10B_sp8192
  distributed: True
  ema_decay: 0.9965
  embed_bits: 8
  embed_clip_sigmas: 20.0
  embed_lr: 0.6
  embed_wd: 0.085
  embedding_dim: 512
  enable_looping_at: 0.35
  etlb_clip: 3.0
  etlb_enabled: False
  etlb_lr: 0.05
  etlb_steps: 5
  eval_seq_len: 2048
  eval_stride: 64
  first_mlp_hidden_dim: 2016
  gptq_calibration_batches: 64
  gptq_reserve_seconds: 12.0
  grad_accum_steps: 1
  grad_clip_norm: 0.3
  head_lr: 0.008
  is_main_process: True
  iterations: 20000
  ln_scale: True
  local_rank: 0
  logfile: logs/6dc69d73-1906-441f-bd6d-5eb4919ae087.txt
  logit_softcap: 30.0
  loop_end: 5
  loop_start: 3
  matrix_bits: 6
  matrix_clip_sigmas: 12.85
  matrix_lr: 0.022
  max_wallclock_seconds: 600.0
  min_lr: 0.0
  mlp_mult: 4.0
  model_dim: 512
  model_path: final_model.pt
  muon_backend_steps: 5
  muon_beta2: 0.95
  muon_momentum: 0.99
  muon_momentum_warmup_start: 0.92
  muon_momentum_warmup_steps: 1500
  muon_row_normalize: True
  muon_wd: 0.095
  num_heads: 8
  num_kv_heads: 4
  num_layers: 11
  num_loops: 2
  parallel_residual_start: 7
  qk_gain_init: 5.0
  quantized_model_path: final_model.int6.ptz
  rank: 0
  rope_base: 10000.0
  rope_dims: 16
  rope_train_seq_len: 2048
  run_id: 6dc69d73-1906-441f-bd6d-5eb4919ae087
  scalar_lr: 0.02
  seed: 1337
  self_distill_enabled: True
  self_distill_end_frac: 0.9
  self_distill_mode: block_io
  self_distill_positions: 0,1,2,3,4,5,6,7,8,9,10
  self_distill_positions_loop: 0,1,2,3,4,5,6,7,8,9,10,11,12,13,14,15,16
  self_distill_start_frac: 0.7
  self_distill_weight: 0.05
  skip_gates_enabled: True
  sliding_window_enabled: True
  tie_embeddings: True
  tied_embed_init_std: 0.005
  tied_embed_lr: 0.03
  tokenizer_path: /workspace/parameter-golf-base/data/tokenizers/fineweb_8192_bpe.model
  train_batch_tokens: 786432
  train_files: /workspace/parameter-golf-base/data/datasets/fineweb10B_sp8192/fineweb_train_*.bin
  train_log_every: 500
  train_seq_len: 2048
  ttt_chunk_tokens: 32768
  ttt_enabled: True
  ttt_epochs: 3
  ttt_lr: 0.005
  ttt_momentum: 0.9
  val_batch_tokens: 524288
  val_files: /workspace/parameter-golf-base/data/datasets/fineweb10B_sp8192/fineweb_val_*.bin
  val_loss_every: 4000
  vocab_size: 8192
  warmdown_frac: 0.72
  warmup_steps: 20
  world_size: 8
  xsa_last_n: 11
train_shards: 64
val_tokens: 40540160
model_params:35911768
gptq:reserving 12s, effective=588000ms
warmup_step: 1/20
warmup_step: 2/20
warmup_step: 3/20
warmup_step: 4/20
warmup_step: 5/20
warmup_step: 6/20
warmup_step: 10/20
warmup_step: 20/20
loop_warmup:enabled encoder:[0, 1, 2, 3, 4, 5, 3, 4] decoder:[5, 3, 4, 5, 6, 7, 8, 9, 10]
loop_warmup_step: 1/20
loop_warmup_step: 2/20
loop_warmup_step: 3/20
loop_warmup_step: 4/20
loop_warmup_step: 5/20
loop_warmup_step: 6/20
loop_warmup_step: 10/20
loop_warmup_step: 20/20
0/20000 val_loss: 9.0089 val_bpb: 3.4876
1/20000 train_loss: 9.0080 ce_loss: 9.0080 aux_loss: 0.0000 aux_ratio: 0.0000 target_norm: 22.5737 distill_weight: 0.0000 train_time: 0.0m tok/s: 7992070
2/20000 train_loss: 12.3502 ce_loss: 12.3502 aux_loss: 0.0001 aux_ratio: 0.0000 target_norm: 23.3092 distill_weight: 0.0000 train_time: 0.0m tok/s: 8026025
3/20000 train_loss: 10.9479 ce_loss: 10.9479 aux_loss: 0.0002 aux_ratio: 0.0000 target_norm: 25.9224 distill_weight: 0.0000 train_time: 0.0m tok/s: 7945756
4/20000 train_loss: 9.4460 ce_loss: 9.4460 aux_loss: 0.0005 aux_ratio: 0.0001 target_norm: 29.6174 distill_weight: 0.0000 train_time: 0.0m tok/s: 7898051
5/20000 train_loss: 8.4306 ce_loss: 8.4306 aux_loss: 0.0009 aux_ratio: 0.0001 target_norm: 33.4940 distill_weight: 0.0000 train_time: 0.0m tok/s: 7867359
500/20000 train_loss: 3.3048 ce_loss: 3.3048 aux_loss: 0.2802 aux_ratio: 0.0848 target_norm: 34.4709 distill_weight: 0.0000 train_time: 0.9m tok/s: 7673338
1000/20000 train_loss: 3.2661 ce_loss: 3.2661 aux_loss: 0.3521 aux_ratio: 0.1078 target_norm: 47.8099 distill_weight: 0.0000 train_time: 1.7m tok/s: 7662959
1500/20000 train_loss: 3.1933 ce_loss: 3.1933 aux_loss: 0.3832 aux_ratio: 0.1200 target_norm: 99.4208 distill_weight: 0.0000 train_time: 2.6m tok/s: 7663125
2000/20000 train_loss: 3.1174 ce_loss: 3.1174 aux_loss: 0.4058 aux_ratio: 0.1302 target_norm: 165.2686 distill_weight: 0.0000 train_time: 3.4m tok/s: 7661517
layer_loop:enabled step:2005 frac:0.350 encoder:[0, 1, 2, 3, 4, 5, 3, 4] decoder:[5, 3, 4, 5, 6, 7, 8, 9, 10]
2500/20000 train_loss: 3.0719 ce_loss: 3.0719 aux_loss: 0.3595 aux_ratio: 0.1170 target_norm: 169.4025 distill_weight: 0.0000 train_time: 4.7m tok/s: 7008857
3000/20000 train_loss: 3.0187 ce_loss: 3.0187 aux_loss: 0.3633 aux_ratio: 0.1203 target_norm: 129.4260 distill_weight: 0.0000 train_time: 5.9m tok/s: 6613098
self_distill:weight_on step:3352 frac:0.700 mode:block_io positions:(0, 1, 2, 3, 4, 5, 6, 7, 8, 9, 10, 11, 12, 13, 14, 15, 16) weight:0.05
3500/20000 train_loss: 2.9412 ce_loss: 2.9246 aux_loss: 0.3312 aux_ratio: 0.1133 target_norm: 118.7812 distill_weight: 0.0500 train_time: 7.2m tok/s: 6343632
4000/20000 train_loss: 2.9076 ce_loss: 2.8926 aux_loss: 0.3008 aux_ratio: 0.1040 target_norm: 129.6950 distill_weight: 0.0500 train_time: 8.5m tok/s: 6179040
4000/20000 val_loss: 2.8683 val_bpb: 1.1104
self_distill:weight_off step:4134 frac:0.900 mode:block_io
4500/20000 train_loss: 2.8399 ce_loss: 2.8399 aux_loss: 0.3141 aux_ratio: 0.1106 target_norm: 109.4818 distill_weight: 0.0000 train_time: 9.8m tok/s: 6048173
4520/20000 val_loss: 2.8121 val_bpb: 1.0887
stopping_early: wallclock_cap train_time: 588145ms step: 4520/20000
peak memory allocated: 39053 MiB reserved: 40522 MiB
ema:applying EMA weights
pre-quantization post-ema val_loss:2.80937494 val_bpb:1.08759659 eval_time:7165ms
Serialized model: 135299961 bytes
Code size: 19576 bytes
GPTQ:collecting Hessians from calibration data...
GPTQ:collected 67 Hessians in 12.9s
Quantized weights:
  gptq (int6): blocks.attn.c_k.weight, blocks.attn.c_q.weight, blocks.attn.c_v.weight, blocks.attn.proj.weight, blocks.mlp.fc.weight, blocks.mlp.proj.weight
  gptq (int8): tok_emb.weight
  passthrough (float16): blocks.attn.q_gain, blocks.attn_scale, blocks.mlp_scale, blocks.resid_mix, skip_gates, skip_weights
Serialized model quantized+brotli: 15962760 bytes
Total submission size quantized+brotli: 15982336 bytes
quantized val_loss:2.83836727 val_bpb:1.09882042 eval_time:25301ms
quantized_sliding_window val_loss:2.79517442 val_bpb:1.08209912 eval_time:124019ms
ttt:start chunks=1238 ttt_lr=0.005 ttt_epochs=3
quantized_ttt val_loss:2.79153649 val_bpb:1.08069077 eval_time:367519ms
